/// d.R
===============
x
1
2
/// d.c.R1
===============
x
2
3